{"logTime": "0402/040642", "correlationVector":"B9j5978gOOIPjczrEyE3RZ.1","action":"SyncServerConnectionManagerRequest", "result":"SYNC_SERVER_OK", "context":{"environment":"Prod_southeastasia_prod-s01-064-apac-southeastasia", "migrationStage":"NotStarted", "server":"akswtt11200000l"}}
{"logTime": "0402/040642", "correlationVector":"B9j5978gOOIPjczrEyE3RZ.2","action":"ProcessGetUpdates", "result":"Done", "context":{"dataType":"Encryption Keys", "deleted":"0", "process_failed_to_decrypt":"0", "process_pending_decryption":"0", "process_success":"1", "total":"1"}}
{"logTime": "0402/040643", "correlationVector":"ehhaeGfk0fMg9qhPkifLbp","action":"SyncServerConnectionManagerRequest", "result":"SYNC_SERVER_OK", "context":{"environment":"", "migrationStage":"", "server":""}}
{"logTime": "0402/040643", "correlationVector":"ehhaeGfk0fMg9qhPkifLbp.0","action":"EncryptionKeysFetcher.DownloadKeys:", "result":"Success", "context":Key count: 3, Last key timestamp: 2025-12-03T01:11:53Z}
{"logTime": "0402/040643", "correlationVector":"ehhaeGfk0fMg9qhPkifLbp.1","action":"EncryptionKeysManager::SetEncryptionKeys:", "result":"Success", "context":Key names[3]:[XxyDxbccPtac6dUMglvZxDouFKjN7GFItBx6T1/Q8wnBkZcFoF0yURJTm9/DGTEaNpKXxkQ3qYKLqr6NNjNN4Q==][Q7IFR6pbnyqj1HVmootmkDf6IavKy04vD8aI7R3iBMs0XZu01cLkub7itmqG2FMSpSbS0dy6APgkcjTzvjWzMQ==][2Py/5iqt5gSXWt9ZWU0m9mtuNq9Oja8yyIbsCzY62+bdWPbRurx4+zlyfJNJ2CIrbt4v6xJvdi8taA/+mAlYPQ==]}
{"logTime": "0402/040643", "correlationVector":"ehhaeGfk0fMg9qhPkifLbp.2","action":"EncryptionKeysManager::SetEncryptionKeysWithTimestamps:", "result":"Success", "context":Key timestamps[3]:[2025-05-29T00:13:08Z][2025-06-02T13:27:39Z][2025-12-03T01:11:53Z]}
{"logTime": "0402/040643", "correlationVector":"B9j5978gOOIPjczrEyE3RZ","action":"Initial GetUpdates", "result":"", "context":Reason: NEW_CLIENT. cV=B9j5978gOOIPjczrEyE3RZ}
{"logTime": "0402/040643", "correlationVector":"B9j5978gOOIPjczrEyE3RZ.3","action":"GetUpdates Response", "result":"Success", "context":Received 1 update(s). cV=B9j5978gOOIPjczrEyE3RZ.0;server=akswtt11200000l;cloudType=Consumer;environment=Prod_southeastasia_prod-s01-064-apac-southeastasia;migrationStage=NotStarted}
{"logTime": "0402/040643", "correlationVector":"k5f3gzLVU+tz++cFoYXBKc","action":"Initial GetUpdates", "result":"", "context":Reason: NEWLY_SUPPORTED_DATATYPE. cV=k5f3gzLVU+tz++cFoYXBKc}
{"logTime": "0402/040643", "correlationVector":"k5f3gzLVU+tz++cFoYXBKc.1","action":"SyncServerConnectionManagerRequest", "result":"SYNC_SERVER_OK", "context":{"environment":"Prod_southeastasia_prod-s01-064-apac-southeastasia", "migrationStage":"NotStarted", "server":"akswtt112000002"}}
{"logTime": "0402/040643", "correlationVector":"k5f3gzLVU+tz++cFoYXBKc.2","action":"ProcessGetUpdates", "result":"Done", "context":{"dataType":"Preferences", "deleted":"0", "process_failed_to_decrypt":"0", "process_pending_decryption":"0", "process_success":"52", "total":"52"}}
{"logTime": "0402/040643", "correlationVector":"k5f3gzLVU+tz++cFoYXBKc.3","action":"ProcessGetUpdates", "result":"Done", "context":{"dataType":"Passwords", "deleted":"0", "process_failed_to_decrypt":"0", "process_pending_decryption":"0", "process_success":"6", "total":"6"}}
{"logTime": "0402/040643", "correlationVector":"k5f3gzLVU+tz++cFoYXBKc.4","action":"ProcessGetUpdates", "result":"Done", "context":{"dataType":"Device Info", "deleted":"0", "process_failed_to_decrypt":"0", "process_pending_decryption":"0", "process_success":"7", "total":"7"}}
{"logTime": "0402/040643", "correlationVector":"k5f3gzLVU+tz++cFoYXBKc.5","action":"GetUpdates Response", "result":"Success", "context":Received 65 update(s). cV=k5f3gzLVU+tz++cFoYXBKc.0;server=akswtt112000002;cloudType=Consumer;environment=Prod_southeastasia_prod-s01-064-apac-southeastasia;migrationStage=NotStarted}
{"logTime": "0402/040643", "correlationVector":"3I+TsNlvwJNMFxq+ybA2Gy","action":"Initial GetUpdates", "result":"", "context":Reason: NEWLY_SUPPORTED_DATATYPE. cV=3I+TsNlvwJNMFxq+ybA2Gy}
{"logTime": "0402/040644", "correlationVector":"3I+TsNlvwJNMFxq+ybA2Gy.1","action":"SyncServerConnectionManagerRequest", "result":"SYNC_SERVER_OK", "context":{"environment":"Prod_southeastasia_prod-s01-064-apac-southeastasia", "migrationStage":"NotStarted", "server":"akswtt112000002"}}
{"logTime": "0402/040644", "correlationVector":"3I+TsNlvwJNMFxq+ybA2Gy.2","action":"ProcessGetUpdates", "result":"Done", "context":{"dataType":"Bookmarks", "deleted":"0", "process_failed_to_decrypt":"0", "process_pending_decryption":"0", "process_success":"14", "total":"14"}}
{"logTime": "0402/040644", "correlationVector":"3I+TsNlvwJNMFxq+ybA2Gy.3","action":"GetUpdates Response", "result":"Success", "context":Received 14 update(s). cV=3I+TsNlvwJNMFxq+ybA2Gy.0;server=akswtt112000002;cloudType=Consumer;environment=Prod_southeastasia_prod-s01-064-apac-southeastasia;migrationStage=NotStarted}
{"logTime": "0402/040644", "correlationVector":"k5znUR7n2KgMOcwrtfOJbv","action":"Initial GetUpdates", "result":"", "context":Reason: NEWLY_SUPPORTED_DATATYPE. cV=k5znUR7n2KgMOcwrtfOJbv}
{"logTime": "0402/040645", "correlationVector":"k5znUR7n2KgMOcwrtfOJbv.1","action":"SyncServerConnectionManagerRequest", "result":"SYNC_SERVER_OK", "context":{"environment":"Prod_southeastasia_prod-s01-064-apac-southeastasia", "migrationStage":"NotStarted", "server":"akswtt11200000q"}}
{"logTime": "0402/040645", "correlationVector":"k5znUR7n2KgMOcwrtfOJbv.2","action":"ProcessGetUpdates", "result":"Done", "context":{"dataType":"Autofill Profiles", "deleted":"0", "process_failed_to_decrypt":"0", "process_pending_decryption":"0", "process_success":"2", "total":"2"}}
{"logTime": "0402/040645", "correlationVector":"k5znUR7n2KgMOcwrtfOJbv.3","action":"ProcessGetUpdates", "result":"Done", "context":{"dataType":"Autofill", "deleted":"0", "process_failed_to_decrypt":"0", "process_pending_decryption":"0", "process_success":"245", "total":"245"}}
{"logTime": "0402/040645", "correlationVector":"k5znUR7n2KgMOcwrtfOJbv.4","action":"ProcessGetUpdates", "result":"Done", "context":{"dataType":"Extension settings", "deleted":"0", "process_failed_to_decrypt":"0", "process_pending_decryption":"0", "process_success":"3", "total":"3"}}
{"logTime": "0402/040645", "correlationVector":"k5znUR7n2KgMOcwrtfOJbv.5","action":"GetUpdates Response", "result":"Success", "context":Received 250 update(s). cV=k5znUR7n2KgMOcwrtfOJbv.0;server=akswtt11200000q;cloudType=Consumer;environment=Prod_southeastasia_prod-s01-064-apac-southeastasia;migrationStage=NotStarted Some updates remain.}
{"logTime": "0402/040645", "correlationVector":"kBK023wDGmy5lt5Nx7VQ1B","action":"Initial GetUpdates", "result":"", "context":Reason: NEWLY_SUPPORTED_DATATYPE. cV=kBK023wDGmy5lt5Nx7VQ1B}
{"logTime": "0402/040645", "correlationVector":"kBK023wDGmy5lt5Nx7VQ1B.1","action":"SyncServerConnectionManagerRequest", "result":"SYNC_SERVER_OK", "context":{"environment":"Prod_southeastasia_prod-s01-064-apac-southeastasia", "migrationStage":"NotStarted", "server":"akswtt11200000k"}}
{"logTime": "0402/040645", "correlationVector":"kBK023wDGmy5lt5Nx7VQ1B.2","action":"ProcessGetUpdates", "result":"Done", "context":{"dataType":"Autofill Profiles", "deleted":"0", "process_failed_to_decrypt":"0", "process_pending_decryption":"0", "process_success":"2", "total":"2"}}
{"logTime": "0402/040645", "correlationVector":"kBK023wDGmy5lt5Nx7VQ1B.3","action":"ProcessGetUpdates", "result":"Done", "context":{"dataType":"Autofill", "deleted":"0", "process_failed_to_decrypt":"0", "process_pending_decryption":"0", "process_success":"155", "total":"155"}}
{"logTime": "0402/040645", "correlationVector":"kBK023wDGmy5lt5Nx7VQ1B.4","action":"ProcessGetUpdates", "result":"Done", "context":{"dataType":"Extensions", "deleted":"0", "process_failed_to_decrypt":"0", "process_pending_decryption":"0", "process_success":"2", "total":"2"}}
{"logTime": "0402/040645", "correlationVector":"kBK023wDGmy5lt5Nx7VQ1B.5","action":"ProcessGetUpdates", "result":"Done", "context":{"dataType":"Sessions", "deleted":"83", "process_failed_to_decrypt":"0", "process_pending_decryption":"0", "process_success":"83", "total":"83"}}
{"logTime": "0402/040645", "correlationVector":"kBK023wDGmy5lt5Nx7VQ1B.6","action":"ProcessGetUpdates", "result":"Done", "context":{"dataType":"Edge Hub App Usage", "deleted":"3", "process_failed_to_decrypt":"0", "process_pending_decryption":"0", "process_success":"8", "total":"8"}}
{"logTime": "0402/040645", "correlationVector":"kBK023wDGmy5lt5Nx7VQ1B.7","action":"GetUpdates Response", "result":"Success", "context":Received 250 update(s). cV=kBK023wDGmy5lt5Nx7VQ1B.0;server=akswtt11200000k;cloudType=Consumer;environment=Prod_southeastasia_prod-s01-064-apac-southeastasia;migrationStage=NotStarted Some updates remain.}
{"logTime": "0402/040645", "correlationVector":"FBfaBdotAsXKYu/BMgHNsA","action":"Initial GetUpdates", "result":"", "context":Reason: NEWLY_SUPPORTED_DATATYPE. cV=FBfaBdotAsXKYu/BMgHNsA}
{"logTime": "0402/040645", "correlationVector":"FBfaBdotAsXKYu/BMgHNsA.1","action":"SyncServerConnectionManagerRequest", "result":"SYNC_SERVER_OK", "context":{"environment":"Prod_southeastasia_prod-s01-064-apac-southeastasia", "migrationStage":"NotStarted", "server":"akswtt11200000b"}}
{"logTime": "0402/040645", "correlationVector":"FBfaBdotAsXKYu/BMgHNsA.2","action":"ProcessGetUpdates", "result":"Done", "context":{"dataType":"Sessions", "deleted":"28", "process_failed_to_decrypt":"0", "process_pending_decryption":"0", "process_success":"39", "total":"39"}}
{"logTime": "0402/040645", "correlationVector":"FBfaBdotAsXKYu/BMgHNsA.3","action":"ProcessGetUpdates", "result":"Done", "context":{"dataType":"Edge Hub App Usage", "deleted":"0", "process_failed_to_decrypt":"0", "process_pending_decryption":"0", "process_success":"3", "total":"3"}}
{"logTime": "0402/040645", "correlationVector":"FBfaBdotAsXKYu/BMgHNsA.4","action":"GetUpdates Response", "result":"Success", "context":Received 42 update(s). cV=FBfaBdotAsXKYu/BMgHNsA.0;server=akswtt11200000b;cloudType=Consumer;environment=Prod_southeastasia_prod-s01-064-apac-southeastasia;migrationStage=NotStarted}
{"logTime": "0402/040645", "correlationVector":"/m3YP1oIIlMNgllIUlPWvp","action":"Initial GetUpdates", "result":"", "context":Reason: NEWLY_SUPPORTED_DATATYPE. cV=/m3YP1oIIlMNgllIUlPWvp}
{"logTime": "0402/040646", "correlationVector":"/m3YP1oIIlMNgllIUlPWvp.1","action":"SyncServerConnectionManagerRequest", "result":"SYNC_SERVER_OK", "context":{"environment":"Prod_southeastasia_prod-s01-064-apac-southeastasia", "migrationStage":"NotStarted", "server":"akswtt11200000h"}}
{"logTime": "0402/040646", "correlationVector":"/m3YP1oIIlMNgllIUlPWvp.2","action":"ProcessGetUpdates", "result":"Done", "context":{"dataType":"History", "deleted":"0", "process_failed_to_decrypt":"0", "process_pending_decryption":"0", "process_success":"241", "total":"241"}}
{"logTime": "0402/040646", "correlationVector":"/m3YP1oIIlMNgllIUlPWvp.3","action":"GetUpdates Response", "result":"Success", "context":Received 241 update(s). cV=/m3YP1oIIlMNgllIUlPWvp.0;server=akswtt11200000h;cloudType=Consumer;environment=Prod_southeastasia_prod-s01-064-apac-southeastasia;migrationStage=NotStarted}
{"logTime": "0402/040646", "correlationVector":"au+EcO69WAbUA4VQSi65eJ","action":"Normal GetUpdate request", "result":"", "context":cV=au+EcO69WAbUA4VQSi65eJ
Nudged types: Sessions, Device Info, User Consents
Refresh requested types: Bookmarks, Preferences, Passwords, Autofill Profiles, Autofill, Extensions, Sessions, Extension settings, History Delete Directives, Device Info, User Consents, Send Tab To Self, Web Apps, History, Saved Tab Group, WebAuthn Credentials, Collection, Edge E Drop, Edge Hub App Usage, Edge Wallet, Edge Workspace, Encryption Keys}
{"logTime": "0402/040647", "correlationVector":"au+EcO69WAbUA4VQSi65eJ.1","action":"SyncServerConnectionManagerRequest", "result":"SYNC_SERVER_OK", "context":{"environment":"Prod_southeastasia_prod-s01-064-apac-southeastasia", "migrationStage":"NotStarted", "server":"akswtt112000002"}}
{"logTime": "0402/040647", "correlationVector":"au+EcO69WAbUA4VQSi65eJ.2","action":"GetUpdates Response", "result":"Success", "context":Received 0 update(s). cV=au+EcO69WAbUA4VQSi65eJ.0;server=akswtt112000002;cloudType=Consumer;environment=Prod_southeastasia_prod-s01-064-apac-southeastasia;migrationStage=NotStarted}
{"logTime": "0402/040647", "correlationVector":"g0w536A927SyW3LALrHKUA","action":"DoCompareDataConsistency requsted types: ", "result":"Bookmarks, Preferences, Passwords, Extensions, Extension settings, History Delete Directives, Send Tab To Self, Web Apps, History, Saved Tab Group, WebAuthn Credentials, Collection, Edge E Drop, Edge Wallet, Edge Workspace, Encryption Keys"}
{"logTime": "0402/040647", "correlationVector":"g0w536A927SyW3LALrHKUA.0","action":"CompareDataConsistency result: ", "result":"Compare result: Encryption Keys is consistent. local entities count is: 1 local entities hash is: LxlPVemSf+KtCj9fr16l+q44eR8="}
{"logTime": "0402/040647", "correlationVector":"g0w536A927SyW3LALrHKUA.1","action":"CompareDataConsistency result: ", "result":"Compare result: Bookmarks is consistent. local entities count is: 8 local entities hash is: 4jcYJLi2j0VwGLWcmnPesPchJ3c="}
{"logTime": "0402/040647", "correlationVector":"g0w536A927SyW3LALrHKUA.2","action":"CompareDataConsistency result: ", "result":"Compare result: Preferences is consistent. local entities count is: 52 local entities hash is: mfdYSilDuXgT3FRkoSAln7wwjP4="}
{"logTime": "0402/040647", "correlationVector":"g0w536A927SyW3LALrHKUA.3","action":"CompareDataConsistency result: ", "result":"Compare result: Extensions is consistent. local entities count is: 2 local entities hash is: HShlLBIvODRrKLQtMpqajPRpEFU="}
{"logTime": "0402/040647", "correlationVector":"g0w536A927SyW3LALrHKUA.4","action":"CompareDataConsistency result: ", "result":"Compare result: Extension settings is consistent. local entities count is: 3 local entities hash is: vS8kq6cGz4733H1YC5qTMdBIFPU="}
{"logTime": "0402/040647", "correlationVector":"g0w536A927SyW3LALrHKUA.5","action":"CompareDataConsistency result: ", "result":"Compare result: History Delete Directives is consistent. local entities count is: 0 local entities hash is: "}
{"logTime": "0402/040647", "correlationVector":"g0w536A927SyW3LALrHKUA.6","action":"CompareDataConsistency result: ", "result":"Server did not send this Send Tab To Self local entities count is: 0 local entities hash is: "}
{"logTime": "0402/040647", "correlationVector":"g0w536A927SyW3LALrHKUA.7","action":"CompareDataConsistency result: ", "result":"Compare result: Web Apps is consistent. local entities count is: 0 local entities hash is: "}
{"logTime": "0402/040647", "correlationVector":"g0w536A927SyW3LALrHKUA.8","action":"CompareDataConsistency result: ", "result":"Server did not send this History local entities count is: 0 local entities hash is: "}
{"logTime": "0402/040647", "correlationVector":"g0w536A927SyW3LALrHKUA.9","action":"CompareDataConsistency result: ", "result":"Compare result: Saved Tab Group is consistent. local entities count is: 0 local entities hash is: "}
{"logTime": "0402/040647", "correlationVector":"g0w536A927SyW3LALrHKUA.10","action":"CompareDataConsistency result: ", "result":"Server did not send this WebAuthn Credentials local entities count is: 0 local entities hash is: "}
{"logTime": "0402/040647", "correlationVector":"g0w536A927SyW3LALrHKUA.11","action":"CompareDataConsistency result: ", "result":"Compare result: Collection is consistent. local entities count is: 0 local entities hash is: "}
{"logTime": "0402/040647", "correlationVector":"g0w536A927SyW3LALrHKUA.12","action":"CompareDataConsistency result: ", "result":"Compare result: Edge E Drop is consistent. local entities count is: 0 local entities hash is: "}
{"logTime": "0402/040647", "correlationVector":"g0w536A927SyW3LALrHKUA.13","action":"CompareDataConsistency result: ", "result":"Compare result: Edge Wallet is consistent. local entities count is: 0 local entities hash is: "}
{"logTime": "0402/040647", "correlationVector":"g0w536A927SyW3LALrHKUA.14","action":"CompareDataConsistency result: ", "result":"Server did not send this Edge Workspace local entities count is: 0 local entities hash is: "}
{"logTime": "0402/040647", "correlationVector":"g0w536A927SyW3LALrHKUA.15","action":"CompareDataConsistency result: ", "result":"Compare result: Passwords is consistent. local entities count is: 6 local entities hash is: wJTjQQ5Dq2b1yuTftok5K1Yz8mM="}
{"logTime": "0402/040647", "correlationVector":"WsqU/P08w+S1QN8jg5gDc+","action":"Commit Request", "result":"", "context":Item count: 4
Contributing types: Sessions, Device Info, User Consents}
{"logTime": "0402/040647", "correlationVector":"WsqU/P08w+S1QN8jg5gDc+.1","action":"SyncServerConnectionManagerRequest", "result":"SYNC_SERVER_OK", "context":{"environment":"Prod_southeastasia_prod-s01-064-apac-southeastasia", "migrationStage":"NotStarted", "server":"akswtt112000000"}}
{"logTime": "0402/040647", "correlationVector":"WsqU/P08w+S1QN8jg5gDc+.2","action":"Commit Response", "result":"Success", "context":Result: Success. cV=WsqU/P08w+S1QN8jg5gDc+.0;server=akswtt112000000;cloudType=Consumer;environment=Prod_southeastasia_prod-s01-064-apac-southeastasia;migrationStage=NotStarted}
{"logTime": "0402/040702", "correlationVector":"","action":"DIAGNOSTIC_REQUEST|v1/diagnosticData/Diagnostic.SendCheckResult()|SUCCESS", "result":""}
{"logTime": "0402/040713", "correlationVector":"Dq6KK5ux/AYxG0FPOsA6Cz","action":"Commit Request", "result":"", "context":Item count: 3
Contributing types: Sessions, User Consents, History}
{"logTime": "0402/040713", "correlationVector":"Dq6KK5ux/AYxG0FPOsA6Cz.1","action":"SyncServerConnectionManagerRequest", "result":"SYNC_SERVER_OK", "context":{"environment":"Prod_southeastasia_prod-s01-064-apac-southeastasia", "migrationStage":"NotStarted", "server":"akswtt11200000q"}}
{"logTime": "0402/040713", "correlationVector":"Dq6KK5ux/AYxG0FPOsA6Cz.2","action":"Commit Response", "result":"Success", "context":Result: Success. cV=Dq6KK5ux/AYxG0FPOsA6Cz.0;server=akswtt11200000q;cloudType=Consumer;environment=Prod_southeastasia_prod-s01-064-apac-southeastasia;migrationStage=NotStarted}
{"logTime": "0402/040921", "correlationVector":"YWIY7mSs640BGZRWlLZXfP.1","action":"SyncServerConnectionManagerRequest", "result":"SYNC_SERVER_OK", "context":{"environment":"Prod_southeastasia_prod-s01-064-apac-southeastasia", "migrationStage":"NotStarted", "server":"akswtt112000004"}}
{"logTime": "0402/040921", "correlationVector":"YWIY7mSs640BGZRWlLZXfP.2","action":"ProcessGetUpdates", "result":"Done", "context":{"dataType":"Encryption Keys", "deleted":"0", "process_failed_to_decrypt":"0", "process_pending_decryption":"0", "process_success":"1", "total":"1"}}
{"logTime": "0402/040922", "correlationVector":"aMFR95KWjnqvMEbpqnyMMd","action":"SyncServerConnectionManagerRequest", "result":"SYNC_SERVER_OK", "context":{"environment":"", "migrationStage":"", "server":""}}
{"logTime": "0402/040922", "correlationVector":"aMFR95KWjnqvMEbpqnyMMd.0","action":"EncryptionKeysFetcher.DownloadKeys:", "result":"Success", "context":Key count: 3, Last key timestamp: 2025-12-03T01:11:53Z}
{"logTime": "0402/040922", "correlationVector":"aMFR95KWjnqvMEbpqnyMMd.1","action":"EncryptionKeysManager::SetEncryptionKeys:", "result":"Success", "context":Key names[3]:[XxyDxbccPtac6dUMglvZxDouFKjN7GFItBx6T1/Q8wnBkZcFoF0yURJTm9/DGTEaNpKXxkQ3qYKLqr6NNjNN4Q==][Q7IFR6pbnyqj1HVmootmkDf6IavKy04vD8aI7R3iBMs0XZu01cLkub7itmqG2FMSpSbS0dy6APgkcjTzvjWzMQ==][2Py/5iqt5gSXWt9ZWU0m9mtuNq9Oja8yyIbsCzY62+bdWPbRurx4+zlyfJNJ2CIrbt4v6xJvdi8taA/+mAlYPQ==]}
{"logTime": "0402/040922", "correlationVector":"aMFR95KWjnqvMEbpqnyMMd.2","action":"EncryptionKeysManager::SetEncryptionKeysWithTimestamps:", "result":"Success", "context":Key timestamps[3]:[2025-05-29T00:13:08Z][2025-06-02T13:27:39Z][2025-12-03T01:11:53Z]}
{"logTime": "0402/040922", "correlationVector":"YWIY7mSs640BGZRWlLZXfP","action":"Initial GetUpdates", "result":"", "context":Reason: NEW_CLIENT. cV=YWIY7mSs640BGZRWlLZXfP}
{"logTime": "0402/040922", "correlationVector":"YWIY7mSs640BGZRWlLZXfP.3","action":"GetUpdates Response", "result":"Success", "context":Received 1 update(s). cV=YWIY7mSs640BGZRWlLZXfP.0;server=akswtt112000004;cloudType=Consumer;environment=Prod_southeastasia_prod-s01-064-apac-southeastasia;migrationStage=NotStarted}
{"logTime": "0402/040922", "correlationVector":"o3vkH2rCP+akh2VM/4U4/B","action":"Initial GetUpdates", "result":"", "context":Reason: NEWLY_SUPPORTED_DATATYPE. cV=o3vkH2rCP+akh2VM/4U4/B}
{"logTime": "0402/040922", "correlationVector":"o3vkH2rCP+akh2VM/4U4/B.1","action":"SyncServerConnectionManagerRequest", "result":"SYNC_SERVER_OK", "context":{"environment":"Prod_southeastasia_prod-s01-064-apac-southeastasia", "migrationStage":"NotStarted", "server":"akswtt11200000b"}}
{"logTime": "0402/040922", "correlationVector":"o3vkH2rCP+akh2VM/4U4/B.2","action":"ProcessGetUpdates", "result":"Done", "context":{"dataType":"Passwords", "deleted":"0", "process_failed_to_decrypt":"0", "process_pending_decryption":"0", "process_success":"6", "total":"6"}}
{"logTime": "0402/040922", "correlationVector":"o3vkH2rCP+akh2VM/4U4/B.3","action":"GetUpdates Response", "result":"Success", "context":Received 6 update(s). cV=o3vkH2rCP+akh2VM/4U4/B.0;server=akswtt11200000b;cloudType=Consumer;environment=Prod_southeastasia_prod-s01-064-apac-southeastasia;migrationStage=NotStarted}
{"logTime": "0402/040922", "correlationVector":"NGqZyB25ay5eogxnNZycNX","action":"Normal GetUpdate request", "result":"", "context":cV=NGqZyB25ay5eogxnNZycNX
Nudged types: Sessions, Device Info, History
Refresh requested types: Bookmarks, Preferences, Passwords, Autofill Profiles, Autofill, Extensions, Sessions, Extension settings, History Delete Directives, Device Info, User Consents, Send Tab To Self, Web Apps, History, Saved Tab Group, WebAuthn Credentials, Collection, Edge E Drop, Edge Hub App Usage, Edge Wallet, Edge Workspace, Encryption Keys}
{"logTime": "0402/040923", "correlationVector":"NGqZyB25ay5eogxnNZycNX.1","action":"SyncServerConnectionManagerRequest", "result":"SYNC_SERVER_OK", "context":{"environment":"Prod_southeastasia_prod-s01-064-apac-southeastasia", "migrationStage":"NotStarted", "server":"akswtt112000003"}}
{"logTime": "0402/040923", "correlationVector":"NGqZyB25ay5eogxnNZycNX.2","action":"ProcessGetUpdates", "result":"Done", "context":{"dataType":"Sessions", "deleted":"0", "process_failed_to_decrypt":"0", "process_pending_decryption":"0", "process_success":"2", "total":"2"}}
{"logTime": "0402/040923", "correlationVector":"NGqZyB25ay5eogxnNZycNX.3","action":"ProcessGetUpdates", "result":"Done", "context":{"dataType":"Device Info", "deleted":"0", "process_failed_to_decrypt":"0", "process_pending_decryption":"0", "process_success":"1", "total":"1"}}
{"logTime": "0402/040923", "correlationVector":"NGqZyB25ay5eogxnNZycNX.4","action":"ProcessGetUpdates", "result":"Done", "context":{"dataType":"History", "deleted":"0", "process_failed_to_decrypt":"0", "process_pending_decryption":"0", "process_success":"1", "total":"1"}}
{"logTime": "0402/040923", "correlationVector":"NGqZyB25ay5eogxnNZycNX.5","action":"GetUpdates Response", "result":"Success", "context":Received 4 update(s). cV=NGqZyB25ay5eogxnNZycNX.0;server=akswtt112000003;cloudType=Consumer;environment=Prod_southeastasia_prod-s01-064-apac-southeastasia;migrationStage=NotStarted}
{"logTime": "0402/040923", "correlationVector":"o3nbHFCIn/yQbX5MDmSbhh","action":"Commit Request", "result":"", "context":Item count: 6
Contributing types: Sessions, Device Info, History}
{"logTime": "0402/040923", "correlationVector":"o3nbHFCIn/yQbX5MDmSbhh.1","action":"SyncServerConnectionManagerRequest", "result":"SYNC_SERVER_OK", "context":{"environment":"Prod_southeastasia_prod-s01-064-apac-southeastasia", "migrationStage":"NotStarted", "server":"akswtt112000001"}}
{"logTime": "0402/040923", "correlationVector":"o3nbHFCIn/yQbX5MDmSbhh.2","action":"Commit Response", "result":"Success", "context":Result: Success. cV=o3nbHFCIn/yQbX5MDmSbhh.0;server=akswtt112000001;cloudType=Consumer;environment=Prod_southeastasia_prod-s01-064-apac-southeastasia;migrationStage=NotStarted}
{"logTime": "0402/041013", "correlationVector":"EA7TM/HXQzzGnqmaCsqONF","action":"Commit Request", "result":"", "context":Item count: 5
Contributing types: Passwords, Sessions, History}
{"logTime": "0402/041014", "correlationVector":"EA7TM/HXQzzGnqmaCsqONF.1","action":"SyncServerConnectionManagerRequest", "result":"SYNC_SERVER_OK", "context":{"environment":"Prod_southeastasia_prod-s01-064-apac-southeastasia", "migrationStage":"NotStarted", "server":"akswtt11200000m"}}
{"logTime": "0402/041014", "correlationVector":"EA7TM/HXQzzGnqmaCsqONF.2","action":"Commit Response", "result":"Success", "context":Result: Success. cV=EA7TM/HXQzzGnqmaCsqONF.0;server=akswtt11200000m;cloudType=Consumer;environment=Prod_southeastasia_prod-s01-064-apac-southeastasia;migrationStage=NotStarted}
{"logTime": "0402/041014", "correlationVector":"EA7TM/HXQzzGnqmaCsqONF.3","action":"Commit.Sessions", "result":"Success", "context":{"id":"cc289f0d-31f3-4893-8d09-0d0c0d7bb105", "isDeleted":"true", "size":"0", "version":"1775102964193"}}
