2026-04-02 04:06:36.655: [INFO][Sync] Reset engine, reason: 8
2026-04-02 04:06:36.655: [INFO][Sync] Stopped: Bookmarks
2026-04-02 04:06:36.655: [INFO][Sync] Stopped: Preferences
2026-04-02 04:06:36.655: [INFO][Sync] Stopped: Passwords
2026-04-02 04:06:36.655: [INFO][Sync] Stopped: Autofill Profiles
2026-04-02 04:06:36.655: [INFO][Sync] Stopped: Autofill
2026-04-02 04:06:36.655: [INFO][Sync] Stopped: Extensions
2026-04-02 04:06:36.655: [INFO][Sync] Stopped: Sessions
2026-04-02 04:06:36.656: [INFO][Sync] Stopped: Extension settings
2026-04-02 04:06:36.656: [INFO][Sync] Stopped: History Delete Directives
2026-04-02 04:06:36.656: [INFO][Sync] Stopped: Device Info
2026-04-02 04:06:36.656: [INFO][Sync] Stopped: User Consents
2026-04-02 04:06:36.656: [INFO][Sync] Stopped: Send Tab To Self
2026-04-02 04:06:36.656: [INFO][Sync] Stopped: Web Apps
2026-04-02 04:06:36.656: [INFO][Sync] Stopped: History
2026-04-02 04:06:36.656: [INFO][Sync] Stopped: Saved Tab Group
2026-04-02 04:06:36.656: [INFO][Sync] Stopped: WebAuthn Credentials
2026-04-02 04:06:36.656: [INFO][Sync] Stopped: Collection
2026-04-02 04:06:36.656: [INFO][Sync] Stopped: Edge E Drop
2026-04-02 04:06:36.656: [INFO][Sync] Stopped: Edge Hub App Usage
2026-04-02 04:06:36.656: [INFO][Sync] Stopped: Edge Wallet
2026-04-02 04:06:36.656: [INFO][Sync] Stopped: Edge Workspace
2026-04-02 04:06:36.656: [INFO][Sync] SyncState after authenticated was: NotSignedIn
2026-04-02 04:06:37.016: [INFO][Sync] Reset engine, reason: 8
2026-04-02 04:06:37.016: [INFO][Sync] Stopped: Bookmarks
2026-04-02 04:06:37.016: [INFO][Sync] Stopped: Preferences
2026-04-02 04:06:37.016: [INFO][Sync] Stopped: Passwords
2026-04-02 04:06:37.016: [INFO][Sync] Stopped: Autofill Profiles
2026-04-02 04:06:37.016: [INFO][Sync] Stopped: Autofill
2026-04-02 04:06:37.016: [INFO][Sync] Stopped: Extensions
2026-04-02 04:06:37.016: [INFO][Sync] Stopped: Sessions
2026-04-02 04:06:37.016: [INFO][Sync] Stopped: Extension settings
2026-04-02 04:06:37.016: [INFO][Sync] Stopped: History Delete Directives
2026-04-02 04:06:37.016: [INFO][Sync] Stopped: Device Info
2026-04-02 04:06:37.016: [INFO][Sync] Stopped: User Consents
2026-04-02 04:06:37.016: [INFO][Sync] Stopped: Send Tab To Self
2026-04-02 04:06:37.016: [INFO][Sync] Stopped: Web Apps
2026-04-02 04:06:37.016: [INFO][Sync] Stopped: History
2026-04-02 04:06:37.016: [INFO][Sync] Stopped: Saved Tab Group
2026-04-02 04:06:37.016: [INFO][Sync] Stopped: WebAuthn Credentials
2026-04-02 04:06:37.016: [INFO][Sync] Stopped: Collection
2026-04-02 04:06:37.016: [INFO][Sync] Stopped: Edge E Drop
2026-04-02 04:06:37.016: [INFO][Sync] Stopped: Edge Hub App Usage
2026-04-02 04:06:37.016: [INFO][Sync] Stopped: Edge Wallet
2026-04-02 04:06:37.016: [INFO][Sync] Stopped: Edge Workspace
2026-04-02 04:06:41.342: [INFO][Sync] Try to start sync engine
2026-04-02 04:06:41.351: [INFO][SyncManagerImpl::NudgeForInitialDownload] Initial download nudge for Encryption Keys
2026-04-02 04:06:41.351: [INFO][SyncEngineBackend::LoadAndConnectNigoriController] Load and connect Nigori controller
2026-04-02 04:06:41.351: [INFO][SyncEngineBackend::DoInitialize] Control Types added: Encryption Keys
2026-04-02 04:06:41.351: [INFO][SyncManagerImpl::ConfigureSyncer] Types to download: Encryption Keys with reason: 3
2026-04-02 04:06:41.352: [INFO][SyncSchedulerImpl::DoConfigurationSyncCycleJob] Configure job was blocked
2026-04-02 04:06:41.419: [INFO][SyncAuthManager::SetLastAuthError] Current auth error: None
2026-04-02 04:06:41.419: [INFO][SyncAuthManager::EdgeLogTokenErrorState] Token error with: None for account type: MSA
2026-04-02 04:06:41.419: [INFO][Sync] Credentials changed for: EdgeSyncScopeNew
2026-04-02 04:06:42.006: [INFO][SyncAuthManager::SetLastAuthError] Current auth error: None
2026-04-02 04:06:42.006: [INFO][SyncAuthManager::EdgeLogTokenErrorState] Token error with: None for account type: MSA
2026-04-02 04:06:42.006: [INFO][Sync] Credentials changed for: EdgeSyncKeyDataScope
2026-04-02 04:06:42.007: [INFO][SyncEngineBackend::DoUpdateKeyDataCredentials] Update key data credentials
2026-04-02 04:06:42.007: [INFO][SyncEngineBackend::DoUpdateCredentials] Update credentials
2026-04-02 04:06:42.007: [INFO][SyncSchedulerImpl::DoConfigurationSyncCycleJob] Blocked types:  and types to download: Encryption Keys
2026-04-02 04:06:42.680: [INFO][Sync] Started DataTypeManager configuration, reason: 4
2026-04-02 04:06:42.680: [INFO][Sync] Configuring for: Bookmarks, Preferences, Passwords, Autofill Profiles, Autofill, Extensions, Sessions, Extension settings, History Delete Directives, Device Info, User Consents, Send Tab To Self, Web Apps, History, Saved Tab Group, WebAuthn Credentials, Collection, Edge E Drop, Edge Hub App Usage, Edge Wallet, Edge Workspace, Encryption Keys, reason: 3, current state: 0
2026-04-02 04:06:42.680: [WARN][Sync] Crypto error data types: Passwords, Autofill Profiles, Autofill
2026-04-02 04:06:42.684: [INFO][Sync] Configure, desired: Bookmarks, Preferences, Extensions, Sessions, Extension settings, History Delete Directives, Device Info, User Consents, Send Tab To Self, Web Apps, History, Saved Tab Group, WebAuthn Credentials, Collection, Edge E Drop, Edge Hub App Usage, Edge Wallet, Edge Workspace, Encryption Keys; Allow fail: Passwords, Autofill Profiles, Autofill
2026-04-02 04:06:42.684: [INFO][Sync] Loading: Bookmarks
2026-04-02 04:06:42.684: [INFO][Sync] Loading: Preferences
2026-04-02 04:06:42.684: [INFO][Sync] Loading: Extensions
2026-04-02 04:06:42.685: [INFO][Sync] Loading: Sessions
2026-04-02 04:06:42.685: [INFO][Sync] Loading: Extension settings
2026-04-02 04:06:42.685: [INFO][Sync] Loading: History Delete Directives
2026-04-02 04:06:42.685: [INFO][Sync] Loading: Device Info
2026-04-02 04:06:42.685: [INFO][Sync] Loading: User Consents
2026-04-02 04:06:42.685: [INFO][Sync] Loading: Send Tab To Self
2026-04-02 04:06:42.685: [INFO][Sync] Loading: Web Apps
2026-04-02 04:06:42.685: [INFO][Sync] Loading: History
2026-04-02 04:06:42.685: [INFO][Sync] Loading: Saved Tab Group
2026-04-02 04:06:42.685: [INFO][Sync] Loading: WebAuthn Credentials
2026-04-02 04:06:42.685: [INFO][Sync] Loading: Collection
2026-04-02 04:06:42.685: [INFO][Sync] Loading: Edge E Drop
2026-04-02 04:06:42.685: [INFO][Sync] Loading: Edge Hub App Usage
2026-04-02 04:06:42.686: [INFO][Sync] Loading: Edge Wallet
2026-04-02 04:06:42.686: [INFO][Sync] Loading: Edge Workspace
2026-04-02 04:06:42.705: [INFO][Sync] All data types are ready for configure.
2026-04-02 04:06:43.481: [INFO][Sync] Started DataTypeManager configuration, reason: 5
2026-04-02 04:06:43.481: [INFO][Sync] Configuring for: Bookmarks, Preferences, Passwords, Autofill Profiles, Autofill, Extensions, Sessions, Extension settings, History Delete Directives, Device Info, User Consents, Send Tab To Self, Web Apps, History, Saved Tab Group, WebAuthn Credentials, Collection, Edge E Drop, Edge Hub App Usage, Edge Wallet, Edge Workspace, Encryption Keys, reason: 5, current state: 1
2026-04-02 04:06:43.482: [INFO][SyncEngineBackend::DoStartConfiguration] Start configuration
2026-04-02 04:06:43.483: [INFO][SyncManagerImpl::NudgeForInitialDownload] Initial download nudge for Bookmarks
2026-04-02 04:06:43.483: [INFO][SyncManagerImpl::NudgeForInitialDownload] Initial download nudge for Preferences
2026-04-02 04:06:43.483: [INFO][SyncManagerImpl::NudgeForInitialDownload] Initial download nudge for Extensions
2026-04-02 04:06:43.483: [INFO][SyncManagerImpl::NudgeForInitialDownload] Initial download nudge for Sessions
2026-04-02 04:06:43.483: [INFO][SyncManagerImpl::NudgeForInitialDownload] Initial download nudge for Extension settings
2026-04-02 04:06:43.483: [INFO][SyncManagerImpl::NudgeForInitialDownload] Initial download nudge for History Delete Directives
2026-04-02 04:06:43.483: [INFO][SyncManagerImpl::NudgeForInitialDownload] Initial download nudge for Device Info
2026-04-02 04:06:43.483: [INFO][SyncManagerImpl::NudgeForInitialDownload] Initial download nudge for Send Tab To Self
2026-04-02 04:06:43.483: [INFO][SyncManagerImpl::NudgeForInitialDownload] Initial download nudge for Web Apps
2026-04-02 04:06:43.483: [INFO][SyncManagerImpl::NudgeForInitialDownload] Initial download nudge for History
2026-04-02 04:06:43.483: [INFO][SyncManagerImpl::NudgeForInitialDownload] Initial download nudge for Saved Tab Group
2026-04-02 04:06:43.483: [INFO][SyncManagerImpl::NudgeForInitialDownload] Initial download nudge for WebAuthn Credentials
2026-04-02 04:06:43.483: [INFO][SyncManagerImpl::NudgeForInitialDownload] Initial download nudge for Collection
2026-04-02 04:06:43.483: [INFO][SyncManagerImpl::NudgeForInitialDownload] Initial download nudge for Edge E Drop
2026-04-02 04:06:43.483: [INFO][SyncManagerImpl::NudgeForInitialDownload] Initial download nudge for Edge Hub App Usage
2026-04-02 04:06:43.483: [INFO][SyncManagerImpl::NudgeForInitialDownload] Initial download nudge for Edge Wallet
2026-04-02 04:06:43.483: [INFO][SyncManagerImpl::NudgeForInitialDownload] Initial download nudge for Edge Workspace
2026-04-02 04:06:43.483: [INFO][SyncManagerImpl::ConfigureSyncer] Types to download:  with reason: 3
2026-04-02 04:06:43.483: [INFO][SyncEngineBackend::DoFinishConfigureDataTypes] Failed to download types:  and succeeded types: 
2026-04-02 04:06:43.495: [INFO][Sync] ConfigurationDone, failed: , succeeded: , remaining count: 4
2026-04-02 04:06:43.495: [WARN][Sync]     Reconfigure requested while configuration ongoing.
2026-04-02 04:06:43.495: [INFO][Sync] Configuring for: Bookmarks, Preferences, Passwords, Autofill Profiles, Autofill, Extensions, Sessions, Extension settings, History Delete Directives, Device Info, User Consents, Send Tab To Self, Web Apps, History, Saved Tab Group, WebAuthn Credentials, Collection, Edge E Drop, Edge Hub App Usage, Edge Wallet, Edge Workspace, Encryption Keys, reason: 5, current state: 2
2026-04-02 04:06:43.495: [INFO][Sync] Configure, desired: Bookmarks, Preferences, Passwords, Autofill Profiles, Autofill, Extensions, Sessions, Extension settings, History Delete Directives, Device Info, User Consents, Send Tab To Self, Web Apps, History, Saved Tab Group, WebAuthn Credentials, Collection, Edge E Drop, Edge Hub App Usage, Edge Wallet, Edge Workspace, Encryption Keys; Allow fail: 
2026-04-02 04:06:43.495: [INFO][Sync] Loading: Passwords
2026-04-02 04:06:43.495: [INFO][Sync] Loading: Autofill Profiles
2026-04-02 04:06:43.495: [INFO][Sync] Loading: Autofill
2026-04-02 04:06:43.496: [INFO][Sync] All data types are ready for configure.
2026-04-02 04:06:43.496: [INFO][SyncManagerImpl::NudgeForInitialDownload] Initial download nudge for Passwords
2026-04-02 04:06:43.496: [INFO][SyncManagerImpl::NudgeForInitialDownload] Initial download nudge for Autofill Profiles
2026-04-02 04:06:43.496: [INFO][SyncManagerImpl::NudgeForInitialDownload] Initial download nudge for Autofill
2026-04-02 04:06:43.496: [INFO][SyncManagerImpl::ConfigureSyncer] Types to download:  with reason: 5
2026-04-02 04:06:43.496: [INFO][SyncEngineBackend::DoFinishConfigureDataTypes] Failed to download types:  and succeeded types: 
2026-04-02 04:06:43.496: [INFO][Sync] ConfigurationDone, failed: , succeeded: , remaining count: 4
2026-04-02 04:06:43.496: [INFO][Sync] Prepare to configure types: Preferences, Passwords, Device Info, Send Tab To Self, Edge E Drop, Encryption Keys
2026-04-02 04:06:43.496: [INFO][SyncManagerImpl::ConfigureSyncer] Types to download: Preferences, Passwords, Device Info, Send Tab To Self, Edge E Drop, Encryption Keys with reason: 5
2026-04-02 04:06:43.496: [INFO][SyncSchedulerImpl::DoConfigurationSyncCycleJob] Blocked types:  and types to download: Preferences, Passwords, Device Info, Send Tab To Self, Edge E Drop, Encryption Keys
2026-04-02 04:06:43.746: [INFO][SyncEngineBackend::DoFinishConfigureDataTypes] Failed to download types:  and succeeded types: Preferences, Passwords, Device Info, Send Tab To Self, Edge E Drop, Encryption Keys
2026-04-02 04:06:43.829: [INFO][Sync] ConfigurationDone, failed: , succeeded: Preferences, Passwords, Device Info, Send Tab To Self, Edge E Drop, Encryption Keys, remaining count: 3
2026-04-02 04:06:43.829: [INFO][Sync] Prepare to configure types: Bookmarks, Encryption Keys
2026-04-02 04:06:43.829: [INFO][SyncManagerImpl::ConfigureSyncer] Types to download: Bookmarks, Encryption Keys with reason: 5
2026-04-02 04:06:43.830: [INFO][SyncSchedulerImpl::DoConfigurationSyncCycleJob] Blocked types:  and types to download: Bookmarks, Encryption Keys
2026-04-02 04:06:44.138: [INFO][SyncEngineBackend::DoFinishConfigureDataTypes] Failed to download types:  and succeeded types: Bookmarks, Encryption Keys
2026-04-02 04:06:44.148: [INFO][Sync] ConfigurationDone, failed: , succeeded: Bookmarks, Encryption Keys, remaining count: 2
2026-04-02 04:06:44.148: [INFO][Sync] Prepare to configure types: Autofill Profiles, Autofill, Extensions, Sessions, Extension settings, History Delete Directives, Web Apps, Saved Tab Group, WebAuthn Credentials, Collection, Edge Hub App Usage, Edge Wallet, Edge Workspace, Encryption Keys
2026-04-02 04:06:44.198: [INFO][SyncManagerImpl::ConfigureSyncer] Types to download: Autofill Profiles, Autofill, Extensions, Sessions, Extension settings, History Delete Directives, Web Apps, Saved Tab Group, WebAuthn Credentials, Collection, Edge Hub App Usage, Edge Wallet, Edge Workspace, Encryption Keys with reason: 5
2026-04-02 04:06:44.198: [INFO][SyncSchedulerImpl::DoConfigurationSyncCycleJob] Blocked types:  and types to download: Autofill Profiles, Autofill, Extensions, Sessions, Extension settings, History Delete Directives, Web Apps, Saved Tab Group, WebAuthn Credentials, Collection, Edge Hub App Usage, Edge Wallet, Edge Workspace, Encryption Keys
2026-04-02 04:06:45.934: [INFO][SyncEngineBackend::DoFinishConfigureDataTypes] Failed to download types:  and succeeded types: Autofill Profiles, Autofill, Extensions, Sessions, Extension settings, History Delete Directives, Web Apps, Saved Tab Group, WebAuthn Credentials, Collection, Edge Hub App Usage, Edge Wallet, Edge Workspace, Encryption Keys
2026-04-02 04:06:45.939: [INFO][Sync] ConfigurationDone, failed: , succeeded: Autofill Profiles, Autofill, Extensions, Sessions, Extension settings, History Delete Directives, Web Apps, Saved Tab Group, WebAuthn Credentials, Collection, Edge Hub App Usage, Edge Wallet, Edge Workspace, Encryption Keys, remaining count: 1
2026-04-02 04:06:45.942: [INFO][Sync] Prepare to configure types: History, Encryption Keys
2026-04-02 04:06:45.942: [INFO][SyncManagerImpl::ConfigureSyncer] Types to download: History, Encryption Keys with reason: 5
2026-04-02 04:06:45.942: [INFO][SyncSchedulerImpl::DoConfigurationSyncCycleJob] Blocked types:  and types to download: History, Encryption Keys
2026-04-02 04:06:46.524: [INFO][SyncEngineBackend::DoFinishConfigureDataTypes] Failed to download types:  and succeeded types: History, Encryption Keys
2026-04-02 04:06:46.529: [INFO][Sync] ConfigurationDone, failed: , succeeded: History, Encryption Keys, remaining count: 0
2026-04-02 04:06:46.531: [INFO][Sync]     Configuration completed, state: 7
2026-04-02 04:06:46.531: [INFO][Sync] Configured DataTypeManager: Ok
2026-04-02 04:06:46.536: [INFO][SyncEngineBackend::DoStartSyncing] Start syncing
2026-04-02 04:07:21.751: [INFO][Sync] Reset engine, reason: 0
2026-04-02 04:07:21.751: [INFO][Sync] Reset engine with reason: 0
2026-04-02 04:09:13.372: [INFO][Sync] SyncState after authenticated was: FeatureCanStart
2026-04-02 04:09:13.831: [INFO][SyncAuthManager::SetLastAuthError] Current auth error: None
2026-04-02 04:09:13.831: [INFO][SyncAuthManager::EdgeLogTokenErrorState] Token error with: None for account type: MSA
2026-04-02 04:09:13.831: [INFO][Sync] Credentials changed for: EdgeSyncKeyDataScope
2026-04-02 04:09:20.230: [INFO][Sync] Try to start sync engine
2026-04-02 04:09:20.238: [INFO][SyncManagerImpl::NudgeForInitialDownload] Initial download nudge for Encryption Keys
2026-04-02 04:09:20.238: [INFO][SyncEngineBackend::LoadAndConnectNigoriController] Load and connect Nigori controller
2026-04-02 04:09:20.238: [INFO][SyncEngineBackend::DoInitialize] Control Types added: Encryption Keys
2026-04-02 04:09:20.238: [INFO][SyncManagerImpl::ConfigureSyncer] Types to download: Encryption Keys with reason: 3
2026-04-02 04:09:20.239: [INFO][SyncEngineBackend::DoUpdateKeyDataCredentials] Update key data credentials
2026-04-02 04:09:20.239: [INFO][SyncSchedulerImpl::DoConfigurationSyncCycleJob] Configure job was blocked
2026-04-02 04:09:20.240: [INFO][SyncAuthManager::SetLastAuthError] Current auth error: None
2026-04-02 04:09:20.240: [INFO][SyncAuthManager::EdgeLogTokenErrorState] Token error with: None for account type: MSA
2026-04-02 04:09:20.240: [INFO][Sync] Credentials changed for: EdgeSyncScopeNew
2026-04-02 04:09:20.240: [INFO][SyncEngineBackend::DoUpdateCredentials] Update credentials
2026-04-02 04:09:20.240: [INFO][SyncEngineBackend::DoUpdateKeyDataCredentials] Update key data credentials
2026-04-02 04:09:20.240: [INFO][SyncSchedulerImpl::DoConfigurationSyncCycleJob] Blocked types:  and types to download: Encryption Keys
2026-04-02 04:09:21.196: [INFO][Sync] Started DataTypeManager configuration, reason: 4
2026-04-02 04:09:21.196: [INFO][Sync] Configuring for: Bookmarks, Preferences, Passwords, Autofill Profiles, Autofill, Extensions, Sessions, Extension settings, History Delete Directives, Device Info, User Consents, Send Tab To Self, Web Apps, History, Saved Tab Group, WebAuthn Credentials, Collection, Edge E Drop, Edge Hub App Usage, Edge Wallet, Edge Workspace, Encryption Keys, reason: 4, current state: 0
2026-04-02 04:09:21.196: [WARN][Sync] Crypto error data types: Passwords, Autofill Profiles, Autofill
2026-04-02 04:09:21.199: [INFO][Sync] Configure, desired: Bookmarks, Preferences, Extensions, Sessions, Extension settings, History Delete Directives, Device Info, User Consents, Send Tab To Self, Web Apps, History, Saved Tab Group, WebAuthn Credentials, Collection, Edge E Drop, Edge Hub App Usage, Edge Wallet, Edge Workspace, Encryption Keys; Allow fail: Passwords, Autofill Profiles, Autofill
2026-04-02 04:09:21.200: [INFO][Sync] Loading: Bookmarks
2026-04-02 04:09:21.200: [INFO][Sync] Loading: Preferences
2026-04-02 04:09:21.200: [INFO][Sync] Loading: Extensions
2026-04-02 04:09:21.200: [INFO][Sync] Loading: Sessions
2026-04-02 04:09:21.201: [INFO][Sync] Loading: Extension settings
2026-04-02 04:09:21.201: [INFO][Sync] Loading: History Delete Directives
2026-04-02 04:09:21.201: [INFO][Sync] Loading: Device Info
2026-04-02 04:09:21.201: [INFO][Sync] Loading: User Consents
2026-04-02 04:09:21.201: [INFO][Sync] Loading: Send Tab To Self
2026-04-02 04:09:21.201: [INFO][Sync] Loading: Web Apps
2026-04-02 04:09:21.201: [INFO][Sync] Loading: History
2026-04-02 04:09:21.201: [INFO][Sync] Loading: Saved Tab Group
2026-04-02 04:09:21.201: [INFO][Sync] Loading: WebAuthn Credentials
2026-04-02 04:09:21.201: [INFO][Sync] Loading: Collection
2026-04-02 04:09:21.201: [INFO][Sync] Loading: Edge E Drop
2026-04-02 04:09:21.201: [INFO][Sync] Loading: Edge Hub App Usage
2026-04-02 04:09:21.201: [INFO][Sync] Loading: Edge Wallet
2026-04-02 04:09:21.201: [INFO][Sync] Loading: Edge Workspace
2026-04-02 04:09:21.212: [INFO][Sync] All data types are ready for configure.
2026-04-02 04:09:22.190: [INFO][Sync] Started DataTypeManager configuration, reason: 5
2026-04-02 04:09:22.190: [INFO][Sync] Configuring for: Bookmarks, Preferences, Passwords, Autofill Profiles, Autofill, Extensions, Sessions, Extension settings, History Delete Directives, Device Info, User Consents, Send Tab To Self, Web Apps, History, Saved Tab Group, WebAuthn Credentials, Collection, Edge E Drop, Edge Hub App Usage, Edge Wallet, Edge Workspace, Encryption Keys, reason: 5, current state: 1
2026-04-02 04:09:22.191: [INFO][SyncEngineBackend::DoStartConfiguration] Start configuration
2026-04-02 04:09:22.191: [INFO][SyncManagerImpl::ConfigureSyncer] Types to download:  with reason: 4
2026-04-02 04:09:22.191: [INFO][SyncEngineBackend::DoFinishConfigureDataTypes] Failed to download types:  and succeeded types: 
2026-04-02 04:09:22.193: [INFO][Sync] ConfigurationDone, failed: , succeeded: , remaining count: 4
2026-04-02 04:09:22.193: [WARN][Sync]     Reconfigure requested while configuration ongoing.
2026-04-02 04:09:22.193: [INFO][Sync] Configuring for: Bookmarks, Preferences, Passwords, Autofill Profiles, Autofill, Extensions, Sessions, Extension settings, History Delete Directives, Device Info, User Consents, Send Tab To Self, Web Apps, History, Saved Tab Group, WebAuthn Credentials, Collection, Edge E Drop, Edge Hub App Usage, Edge Wallet, Edge Workspace, Encryption Keys, reason: 5, current state: 2
2026-04-02 04:09:22.193: [INFO][Sync] Configure, desired: Bookmarks, Preferences, Passwords, Autofill Profiles, Autofill, Extensions, Sessions, Extension settings, History Delete Directives, Device Info, User Consents, Send Tab To Self, Web Apps, History, Saved Tab Group, WebAuthn Credentials, Collection, Edge E Drop, Edge Hub App Usage, Edge Wallet, Edge Workspace, Encryption Keys; Allow fail: 
2026-04-02 04:09:22.193: [INFO][Sync] Loading: Passwords
2026-04-02 04:09:22.193: [INFO][Sync] Loading: Autofill Profiles
2026-04-02 04:09:22.193: [INFO][Sync] Loading: Autofill
2026-04-02 04:09:22.196: [INFO][Sync] All data types are ready for configure.
2026-04-02 04:09:22.196: [INFO][SyncManagerImpl::NudgeForInitialDownload] Initial download nudge for Passwords
2026-04-02 04:09:22.197: [INFO][SyncManagerImpl::ConfigureSyncer] Types to download:  with reason: 5
2026-04-02 04:09:22.197: [INFO][SyncEngineBackend::DoFinishConfigureDataTypes] Failed to download types:  and succeeded types: 
2026-04-02 04:09:22.197: [INFO][Sync] ConfigurationDone, failed: , succeeded: , remaining count: 4
2026-04-02 04:09:22.197: [INFO][Sync] Prepare to configure types: Passwords, Encryption Keys
2026-04-02 04:09:22.197: [INFO][SyncManagerImpl::ConfigureSyncer] Types to download: Passwords, Encryption Keys with reason: 5
2026-04-02 04:09:22.197: [INFO][SyncSchedulerImpl::DoConfigurationSyncCycleJob] Blocked types:  and types to download: Passwords, Encryption Keys
2026-04-02 04:09:22.799: [INFO][SyncEngineBackend::DoFinishConfigureDataTypes] Failed to download types:  and succeeded types: Passwords, Encryption Keys
2026-04-02 04:09:22.805: [INFO][Sync] ConfigurationDone, failed: , succeeded: Passwords, Encryption Keys, remaining count: 3
2026-04-02 04:09:22.805: [INFO][SyncManagerImpl::ConfigureSyncer] Types to download:  with reason: 5
2026-04-02 04:09:22.805: [INFO][SyncEngineBackend::DoFinishConfigureDataTypes] Failed to download types:  and succeeded types: 
2026-04-02 04:09:22.805: [INFO][Sync] ConfigurationDone, failed: , succeeded: , remaining count: 2
2026-04-02 04:09:22.805: [INFO][SyncManagerImpl::ConfigureSyncer] Types to download:  with reason: 5
2026-04-02 04:09:22.805: [INFO][SyncEngineBackend::DoFinishConfigureDataTypes] Failed to download types:  and succeeded types: 
2026-04-02 04:09:22.810: [INFO][Sync] ConfigurationDone, failed: , succeeded: , remaining count: 1
2026-04-02 04:09:22.815: [INFO][SyncManagerImpl::ConfigureSyncer] Types to download:  with reason: 5
2026-04-02 04:09:22.815: [INFO][SyncEngineBackend::DoFinishConfigureDataTypes] Failed to download types:  and succeeded types: 
2026-04-02 04:09:22.815: [INFO][Sync] ConfigurationDone, failed: , succeeded: , remaining count: 0
2026-04-02 04:09:22.820: [INFO][Sync]     Configuration completed, state: 7
2026-04-02 04:09:22.820: [INFO][Sync] Configured DataTypeManager: Ok
2026-04-02 04:09:22.824: [INFO][SyncEngineBackend::DoStartSyncing] Start syncing
2026-04-02 04:11:14.039: [INFO][Sync] Reset engine, reason: 0
2026-04-02 04:11:14.039: [INFO][Sync] Reset engine with reason: 0
